Archive member included to satisfy reference by file (symbol)

/Applications/STM32CubeIDE.app/Contents/Eclipse/plugins/com.st.stm32cube.ide.mcu.externaltools.gnu-tools-for-stm32.9-2020-q2-update.macos64_2.0.0.202105311346/tools/bin/../lib/gcc/arm-none-eabi/9.3.1/../../../../arm-none-eabi/lib/thumb/v7e-m+fp/hard/libc_nano.a(lib_a-errno.o)
                              ./Core/Src/syscalls.o (__errno)
/Applications/STM32CubeIDE.app/Contents/Eclipse/plugins/com.st.stm32cube.ide.mcu.externaltools.gnu-tools-for-stm32.9-2020-q2-update.macos64_2.0.0.202105311346/tools/bin/../lib/gcc/arm-none-eabi/9.3.1/../../../../arm-none-eabi/lib/thumb/v7e-m+fp/hard/libc_nano.a(lib_a-exit.o)
                              /Applications/STM32CubeIDE.app/Contents/Eclipse/plugins/com.st.stm32cube.ide.mcu.externaltools.gnu-tools-for-stm32.9-2020-q2-update.macos64_2.0.0.202105311346/tools/bin/../lib/gcc/arm-none-eabi/9.3.1/../../../../arm-none-eabi/lib/thumb/v7e-m+fp/hard/crt0.o (exit)
/Applications/STM32CubeIDE.app/Contents/Eclipse/plugins/com.st.stm32cube.ide.mcu.externaltools.gnu-tools-for-stm32.9-2020-q2-update.macos64_2.0.0.202105311346/tools/bin/../lib/gcc/arm-none-eabi/9.3.1/../../../../arm-none-eabi/lib/thumb/v7e-m+fp/hard/libc_nano.a(lib_a-impure.o)
                              /Applications/STM32CubeIDE.app/Contents/Eclipse/plugins/com.st.stm32cube.ide.mcu.externaltools.gnu-tools-for-stm32.9-2020-q2-update.macos64_2.0.0.202105311346/tools/bin/../lib/gcc/arm-none-eabi/9.3.1/../../../../arm-none-eabi/lib/thumb/v7e-m+fp/hard/libc_nano.a(lib_a-exit.o) (_global_impure_ptr)
/Applications/STM32CubeIDE.app/Contents/Eclipse/plugins/com.st.stm32cube.ide.mcu.externaltools.gnu-tools-for-stm32.9-2020-q2-update.macos64_2.0.0.202105311346/tools/bin/../lib/gcc/arm-none-eabi/9.3.1/../../../../arm-none-eabi/lib/thumb/v7e-m+fp/hard/libc_nano.a(lib_a-init.o)
                              /Applications/STM32CubeIDE.app/Contents/Eclipse/plugins/com.st.stm32cube.ide.mcu.externaltools.gnu-tools-for-stm32.9-2020-q2-update.macos64_2.0.0.202105311346/tools/bin/../lib/gcc/arm-none-eabi/9.3.1/../../../../arm-none-eabi/lib/thumb/v7e-m+fp/hard/crt0.o (__libc_init_array)
/Applications/STM32CubeIDE.app/Contents/Eclipse/plugins/com.st.stm32cube.ide.mcu.externaltools.gnu-tools-for-stm32.9-2020-q2-update.macos64_2.0.0.202105311346/tools/bin/../lib/gcc/arm-none-eabi/9.3.1/../../../../arm-none-eabi/lib/thumb/v7e-m+fp/hard/libc_nano.a(lib_a-memset.o)
                              /Applications/STM32CubeIDE.app/Contents/Eclipse/plugins/com.st.stm32cube.ide.mcu.externaltools.gnu-tools-for-stm32.9-2020-q2-update.macos64_2.0.0.202105311346/tools/bin/../lib/gcc/arm-none-eabi/9.3.1/../../../../arm-none-eabi/lib/thumb/v7e-m+fp/hard/crt0.o (memset)
/Applications/STM32CubeIDE.app/Contents/Eclipse/plugins/com.st.stm32cube.ide.mcu.externaltools.gnu-tools-for-stm32.9-2020-q2-update.macos64_2.0.0.202105311346/tools/bin/../lib/gcc/arm-none-eabi/9.3.1/thumb/v7e-m+fp/hard/libgcc.a(_aeabi_uldivmod.o)
                              ./Drivers/STM32F7xx_HAL_Driver/Src/stm32f7xx_hal_rcc.o (__aeabi_uldivmod)
/Applications/STM32CubeIDE.app/Contents/Eclipse/plugins/com.st.stm32cube.ide.mcu.externaltools.gnu-tools-for-stm32.9-2020-q2-update.macos64_2.0.0.202105311346/tools/bin/../lib/gcc/arm-none-eabi/9.3.1/thumb/v7e-m+fp/hard/libgcc.a(_udivmoddi4.o)
                              /Applications/STM32CubeIDE.app/Contents/Eclipse/plugins/com.st.stm32cube.ide.mcu.externaltools.gnu-tools-for-stm32.9-2020-q2-update.macos64_2.0.0.202105311346/tools/bin/../lib/gcc/arm-none-eabi/9.3.1/thumb/v7e-m+fp/hard/libgcc.a(_aeabi_uldivmod.o) (__udivmoddi4)
/Applications/STM32CubeIDE.app/Contents/Eclipse/plugins/com.st.stm32cube.ide.mcu.externaltools.gnu-tools-for-stm32.9-2020-q2-update.macos64_2.0.0.202105311346/tools/bin/../lib/gcc/arm-none-eabi/9.3.1/thumb/v7e-m+fp/hard/libgcc.a(_dvmd_tls.o)
                              /Applications/STM32CubeIDE.app/Contents/Eclipse/plugins/com.st.stm32cube.ide.mcu.externaltools.gnu-tools-for-stm32.9-2020-q2-update.macos64_2.0.0.202105311346/tools/bin/../lib/gcc/arm-none-eabi/9.3.1/thumb/v7e-m+fp/hard/libgcc.a(_aeabi_uldivmod.o) (__aeabi_ldiv0)

Allocating common symbols
Common symbol       size              file

uwTick              0x4               ./Drivers/STM32F7xx_HAL_Driver/Src/stm32f7xx_hal.o
pFlash              0x1c              ./Drivers/STM32F7xx_HAL_Driver/Src/stm32f7xx_hal_flash.o

Discarded input sections

 .text          0x0000000000000000        0x0 /Applications/STM32CubeIDE.app/Contents/Eclipse/plugins/com.st.stm32cube.ide.mcu.externaltools.gnu-tools-for-stm32.9-2020-q2-update.macos64_2.0.0.202105311346/tools/bin/../lib/gcc/arm-none-eabi/9.3.1/thumb/v7e-m+fp/hard/crti.o
 .data          0x0000000000000000        0x0 /Applications/STM32CubeIDE.app/Contents/Eclipse/plugins/com.st.stm32cube.ide.mcu.externaltools.gnu-tools-for-stm32.9-2020-q2-update.macos64_2.0.0.202105311346/tools/bin/../lib/gcc/arm-none-eabi/9.3.1/thumb/v7e-m+fp/hard/crti.o
[...]
Memory Configuration

Name             Origin             Length             Attributes
RAM              0x0000000020000000 0x0000000000040000 xrw
FLASH            0x0000000008000000 0x0000000000080000 xr
*default*        0x0000000000000000 0xffffffffffffffff

Linker script and memory map

LOAD /Applications/STM32CubeIDE.app/Contents/Eclipse/plugins/com.st.stm32cube.ide.mcu.externaltools.gnu-tools-for-stm32.9-2020-q2-update.macos64_2.0.0.202105311346/tools/bin/../lib/gcc/arm-none-eabi/9.3.1/thumb/v7e-m+fp/hard/crti.o
LOAD /Applications/STM32CubeIDE.app/Contents/Eclipse/plugins/com.st.stm32cube.ide.mcu.externaltools.gnu-tools-for-stm32.9-2020-q2-update.macos64_2.0.0.202105311346/tools/bin/../lib/gcc/arm-none-eabi/9.3.1/thumb/v7e-m+fp/hard/crtbegin.o
LOAD /Applications/STM32CubeIDE.app/Contents/Eclipse/plugins/com.st.stm32cube.ide.mcu.externaltools.gnu-tools-for-stm32.9-2020-q2-update.macos64_2.0.0.202105311346/tools/bin/../lib/gcc/arm-none-eabi/9.3.1/../../../../arm-none-eabi/lib/thumb/v7e-m+fp/hard/crt0.o
LOAD ./Core/Src/dshot.o
LOAD ./Core/Src/dwt.o
LOAD ./Core/Src/main.o
LOAD ./Core/Src/rcc.o
LOAD ./Core/Src/stm32f7xx_hal_msp.o
LOAD ./Core/Src/stm32f7xx_it.o
LOAD ./Core/Src/syscalls.o
LOAD ./Core/Src/sysmem.o
LOAD ./Core/Src/system_stm32f7xx.o
LOAD ./Core/Startup/startup_stm32f722retx.o
LOAD ./Drivers/STM32F7xx_HAL_Driver/Src/stm32f7xx_hal.o
LOAD ./Drivers/STM32F7xx_HAL_Driver/Src/stm32f7xx_hal_cortex.o
LOAD ./Drivers/STM32F7xx_HAL_Driver/Src/stm32f7xx_hal_dma.o
LOAD ./Drivers/STM32F7xx_HAL_Driver/Src/stm32f7xx_hal_dma_ex.o
LOAD ./Drivers/STM32F7xx_HAL_Driver/Src/stm32f7xx_hal_exti.o
LOAD ./Drivers/STM32F7xx_HAL_Driver/Src/stm32f7xx_hal_flash.o
LOAD ./Drivers/STM32F7xx_HAL_Driver/Src/stm32f7xx_hal_flash_ex.o
LOAD ./Drivers/STM32F7xx_HAL_Driver/Src/stm32f7xx_hal_gpio.o
LOAD ./Drivers/STM32F7xx_HAL_Driver/Src/stm32f7xx_hal_i2c.o
LOAD ./Drivers/STM32F7xx_HAL_Driver/Src/stm32f7xx_hal_i2c_ex.o
LOAD ./Drivers/STM32F7xx_HAL_Driver/Src/stm32f7xx_hal_pwr.o
LOAD ./Drivers/STM32F7xx_HAL_Driver/Src/stm32f7xx_hal_pwr_ex.o
LOAD ./Drivers/STM32F7xx_HAL_Driver/Src/stm32f7xx_hal_rcc.o
LOAD ./Drivers/STM32F7xx_HAL_Driver/Src/stm32f7xx_hal_rcc_ex.o
LOAD ./Drivers/STM32F7xx_HAL_Driver/Src/stm32f7xx_hal_tim.o
LOAD ./Drivers/STM32F7xx_HAL_Driver/Src/stm32f7xx_hal_tim_ex.o
START GROUP
LOAD /Applications/STM32CubeIDE.app/Contents/Eclipse/plugins/com.st.stm32cube.ide.mcu.externaltools.gnu-tools-for-stm32.9-2020-q2-update.macos64_2.0.0.202105311346/tools/bin/../lib/gcc/arm-none-eabi/9.3.1/../../../../arm-none-eabi/lib/thumb/v7e-m+fp/hard/libc_nano.a
LOAD /Applications/STM32CubeIDE.app/Contents/Eclipse/plugins/com.st.stm32cube.ide.mcu.externaltools.gnu-tools-for-stm32.9-2020-q2-update.macos64_2.0.0.202105311346/tools/bin/../lib/gcc/arm-none-eabi/9.3.1/../../../../arm-none-eabi/lib/thumb/v7e-m+fp/hard/libm.a
END GROUP
START GROUP
LOAD /Applications/STM32CubeIDE.app/Contents/Eclipse/plugins/com.st.stm32cube.ide.mcu.externaltools.gnu-tools-for-stm32.9-2020-q2-update.macos64_2.0.0.202105311346/tools/bin/../lib/gcc/arm-none-eabi/9.3.1/thumb/v7e-m+fp/hard/libgcc.a
LOAD /Applications/STM32CubeIDE.app/Contents/Eclipse/plugins/com.st.stm32cube.ide.mcu.externaltools.gnu-tools-for-stm32.9-2020-q2-update.macos64_2.0.0.202105311346/tools/bin/../lib/gcc/arm-none-eabi/9.3.1/../../../../arm-none-eabi/lib/thumb/v7e-m+fp/hard/libc_nano.a
END GROUP
START GROUP
LOAD /Applications/STM32CubeIDE.app/Contents/Eclipse/plugins/com.st.stm32cube.ide.mcu.externaltools.gnu-tools-for-stm32.9-2020-q2-update.macos64_2.0.0.202105311346/tools/bin/../lib/gcc/arm-none-eabi/9.3.1/thumb/v7e-m+fp/hard/libgcc.a
LOAD /Applications/STM32CubeIDE.app/Contents/Eclipse/plugins/com.st.stm32cube.ide.mcu.externaltools.gnu-tools-for-stm32.9-2020-q2-update.macos64_2.0.0.202105311346/tools/bin/../lib/gcc/arm-none-eabi/9.3.1/../../../../arm-none-eabi/lib/thumb/v7e-m+fp/hard/libc_nano.a
LOAD /Applications/STM32CubeIDE.app/Contents/Eclipse/plugins/com.st.stm32cube.ide.mcu.externaltools.gnu-tools-for-stm32.9-2020-q2-update.macos64_2.0.0.202105311346/tools/bin/../lib/gcc/arm-none-eabi/9.3.1/../../../../arm-none-eabi/lib/thumb/v7e-m+fp/hard/libnosys.a
END GROUP
START GROUP
LOAD /Applications/STM32CubeIDE.app/Contents/Eclipse/plugins/com.st.stm32cube.ide.mcu.externaltools.gnu-tools-for-stm32.9-2020-q2-update.macos64_2.0.0.202105311346/tools/bin/../lib/gcc/arm-none-eabi/9.3.1/thumb/v7e-m+fp/hard/libgcc.a
LOAD /Applications/STM32CubeIDE.app/Contents/Eclipse/plugins/com.st.stm32cube.ide.mcu.externaltools.gnu-tools-for-stm32.9-2020-q2-update.macos64_2.0.0.202105311346/tools/bin/../lib/gcc/arm-none-eabi/9.3.1/../../../../arm-none-eabi/lib/thumb/v7e-m+fp/hard/libc_nano.a
LOAD /Applications/STM32CubeIDE.app/Contents/Eclipse/plugins/com.st.stm32cube.ide.mcu.externaltools.gnu-tools-for-stm32.9-2020-q2-update.macos64_2.0.0.202105311346/tools/bin/../lib/gcc/arm-none-eabi/9.3.1/../../../../arm-none-eabi/lib/thumb/v7e-m+fp/hard/libnosys.a
END GROUP
LOAD /Applications/STM32CubeIDE.app/Contents/Eclipse/plugins/com.st.stm32cube.ide.mcu.externaltools.gnu-tools-for-stm32.9-2020-q2-update.macos64_2.0.0.202105311346/tools/bin/../lib/gcc/arm-none-eabi/9.3.1/thumb/v7e-m+fp/hard/crtend.o
LOAD /Applications/STM32CubeIDE.app/Contents/Eclipse/plugins/com.st.stm32cube.ide.mcu.externaltools.gnu-tools-for-stm32.9-2020-q2-update.macos64_2.0.0.202105311346/tools/bin/../lib/gcc/arm-none-eabi/9.3.1/thumb/v7e-m+fp/hard/crtn.o
                0x0000000020040000                _estack = (ORIGIN (RAM) + LENGTH (RAM))
                0x0000000000000200                _Min_Heap_Size = 0x200
                0x0000000000000400                _Min_Stack_Size = 0x400

.isr_vector     0x0000000008000000      0x1e0
                0x0000000008000000                . = ALIGN (0x4)
 *(.isr_vector)
 .isr_vector    0x0000000008000000      0x1e0 ./Core/Startup/startup_stm32f722retx.o
                0x0000000008000000                g_pfnVectors
                0x00000000080001e0                . = ALIGN (0x4)

.text           0x00000000080001e0     0x1154
                0x00000000080001e0                . = ALIGN (0x4)
 *(.text)
 .text          0x00000000080001e0       0x40 /Applications/STM32CubeIDE.app/Contents/Eclipse/plugins/com.st.stm32cube.ide.mcu.externaltools.gnu-tools-for-stm32.9-2020-q2-update.macos64_2.0.0.202105311346/tools/bin/../lib/gcc/arm-none-eabi/9.3.1/thumb/v7e-m+fp/hard/crtbegin.o
 *(.text*)
 .text.__NVIC_GetPriorityGrouping
                0x0000000008000220       0x1c ./Core/Src/dshot.o
 .text.__NVIC_EnableIRQ
                0x000000000800023c       0x3c ./Core/Src/dshot.o
 .text.__NVIC_SetPriority
                0x0000000008000278       0x54 ./Core/Src/dshot.o
 .text.NVIC_EncodePriority
                0x00000000080002cc       0x66 ./Core/Src/dshot.o
 *fill*         0x0000000008000332        0x2 
 .text.dshot_init
                0x0000000008000334      0x800 ./Core/Src/dshot.o
                0x0000000008000334                dshot_init
 .text.dshot_write
                0x0000000008000b34       0x1e ./Core/Src/dshot.o
                0x0000000008000b34                dshot_write
 *fill*         0x0000000008000b52        0x2 
 .text.dshot_prepare_dmabuffer_all
                0x0000000008000b54       0x58 ./Core/Src/dshot.o
 .text.dshot_choose_type
                0x0000000008000bac       0x38 ./Core/Src/dshot.o
 .text.dshot_prepare_dmabuffer
                0x0000000008000be4       0x60 ./Core/Src/dshot.o
 .text.dshot_prepare_packet
                0x0000000008000c44       0x6a ./Core/Src/dshot.o
 *fill*         0x0000000008000cae        0x2 
 .text.dshot_dma_start
                0x0000000008000cb0       0x48 ./Core/Src/dshot.o
 .text.dshot_enable_dma_request
                0x0000000008000cf8       0x50 ./Core/Src/dshot.o
 .text.DWT_Init
                0x0000000008000d48       0x4c ./Core/Src/dwt.o
                0x0000000008000d48                DWT_Init
 .text.delayMicroseconds
                0x0000000008000d94       0x64 ./Core/Src/dwt.o
                0x0000000008000d94                delayMicroseconds
 .text.delay    0x0000000008000df8       0x26 ./Core/Src/dwt.o
                0x0000000008000df8                delay
 *fill*         0x0000000008000e1e        0x2 
 .text.main     0x0000000008000e20       0xe0 ./Core/Src/main.o
                0x0000000008000e20                main
 .text.RCC_216MHz_Init
                0x0000000008000f00      0x160 ./Core/Src/rcc.o
                0x0000000008000f00                RCC_216MHz_Init
 .text.NMI_Handler
                0x0000000008001060        0x6 ./Core/Src/stm32f7xx_it.o
                0x0000000008001060                NMI_Handler
 .text.HardFault_Handler
                0x0000000008001066        0x6 ./Core/Src/stm32f7xx_it.o
                0x0000000008001066                HardFault_Handler
 .text.MemManage_Handler
                0x000000000800106c        0x6 ./Core/Src/stm32f7xx_it.o
                0x000000000800106c                MemManage_Handler
 .text.BusFault_Handler
                0x0000000008001072        0x6 ./Core/Src/stm32f7xx_it.o
                0x0000000008001072                BusFault_Handler
 .text.UsageFault_Handler
                0x0000000008001078        0x6 ./Core/Src/stm32f7xx_it.o
                0x0000000008001078                UsageFault_Handler
 .text.SVC_Handler
                0x000000000800107e        0xe ./Core/Src/stm32f7xx_it.o
                0x000000000800107e                SVC_Handler
 .text.DebugMon_Handler
                0x000000000800108c        0xe ./Core/Src/stm32f7xx_it.o
                0x000000000800108c                DebugMon_Handler
 .text.PendSV_Handler
                0x000000000800109a        0xe ./Core/Src/stm32f7xx_it.o
                0x000000000800109a                PendSV_Handler
 .text.SysTick_Handler
                0x00000000080010a8        0xc ./Core/Src/stm32f7xx_it.o
                0x00000000080010a8                SysTick_Handler
 .text.DMA1_Stream2_IRQHandler
                0x00000000080010b4       0x60 ./Core/Src/stm32f7xx_it.o
                0x00000000080010b4                DMA1_Stream2_IRQHandler
 .text.DMA1_Stream4_IRQHandler
                0x0000000008001114       0x60 ./Core/Src/stm32f7xx_it.o
                0x0000000008001114                DMA1_Stream4_IRQHandler
 .text.DMA1_Stream0_IRQHandler
                0x0000000008001174       0x60 ./Core/Src/stm32f7xx_it.o
                0x0000000008001174                DMA1_Stream0_IRQHandler
 .text.DMA1_Stream3_IRQHandler
                0x00000000080011d4       0x60 ./Core/Src/stm32f7xx_it.o
                0x00000000080011d4                DMA1_Stream3_IRQHandler
 .text.SystemInit
                0x0000000008001234       0x24 ./Core/Src/system_stm32f7xx.o
                0x0000000008001234                SystemInit
 .text.Reset_Handler
                0x0000000008001258       0x50 ./Core/Startup/startup_stm32f722retx.o
                0x0000000008001258                Reset_Handler
 .text.Default_Handler
                0x00000000080012a8        0x2 ./Core/Startup/startup_stm32f722retx.o
                0x00000000080012a8                SAI1_IRQHandler
                0x00000000080012a8                EXTI2_IRQHandler
                0x00000000080012a8                TIM8_CC_IRQHandler
                0x00000000080012a8                UART8_IRQHandler
                0x00000000080012a8                SPI4_IRQHandler
                0x00000000080012a8                TIM1_CC_IRQHandler
                0x00000000080012a8                DMA2_Stream5_IRQHandler
                0x00000000080012a8                DMA1_Stream5_IRQHandler
                0x00000000080012a8                PVD_IRQHandler
                0x00000000080012a8                TAMP_STAMP_IRQHandler
                0x00000000080012a8                EXTI3_IRQHandler
                0x00000000080012a8                TIM8_TRG_COM_TIM14_IRQHandler
                0x00000000080012a8                TIM1_UP_TIM10_IRQHandler
                0x00000000080012a8                TIM8_UP_TIM13_IRQHandler
                0x00000000080012a8                I2C3_ER_IRQHandler
                0x00000000080012a8                EXTI0_IRQHandler
                0x00000000080012a8                I2C2_EV_IRQHandler
                0x00000000080012a8                CAN1_RX0_IRQHandler
                0x00000000080012a8                FPU_IRQHandler
                0x00000000080012a8                OTG_HS_WKUP_IRQHandler
                0x00000000080012a8                DMA2_Stream2_IRQHandler
                0x00000000080012a8                SPI1_IRQHandler
                0x00000000080012a8                TIM6_DAC_IRQHandler
                0x00000000080012a8                TIM1_BRK_TIM9_IRQHandler
                0x00000000080012a8                DMA2_Stream3_IRQHandler
                0x00000000080012a8                SAI2_IRQHandler
                0x00000000080012a8                USART6_IRQHandler
                0x00000000080012a8                USART3_IRQHandler
                0x00000000080012a8                CAN1_RX1_IRQHandler
                0x00000000080012a8                UART5_IRQHandler
                0x00000000080012a8                DMA2_Stream0_IRQHandler
                0x00000000080012a8                TIM4_IRQHandler
                0x00000000080012a8                QUADSPI_IRQHandler
                0x00000000080012a8                I2C1_EV_IRQHandler
                0x00000000080012a8                DMA1_Stream6_IRQHandler
                0x00000000080012a8                DMA1_Stream1_IRQHandler
                0x00000000080012a8                UART4_IRQHandler
                0x00000000080012a8                TIM3_IRQHandler
                0x00000000080012a8                RCC_IRQHandler
                0x00000000080012a8                TIM8_BRK_TIM12_IRQHandler
                0x00000000080012a8                Default_Handler
                0x00000000080012a8                EXTI15_10_IRQHandler
                0x00000000080012a8                ADC_IRQHandler
                0x00000000080012a8                DMA1_Stream7_IRQHandler
                0x00000000080012a8                SPI5_IRQHandler
                0x00000000080012a8                TIM7_IRQHandler
                0x00000000080012a8                SDMMC1_IRQHandler
                0x00000000080012a8                TIM5_IRQHandler
                0x00000000080012a8                DMA2_Stream7_IRQHandler
                0x00000000080012a8                I2C3_EV_IRQHandler
                0x00000000080012a8                EXTI9_5_IRQHandler
                0x00000000080012a8                RTC_WKUP_IRQHandler
                0x00000000080012a8                SPI2_IRQHandler
                0x00000000080012a8                OTG_HS_EP1_IN_IRQHandler
                0x00000000080012a8                CAN1_TX_IRQHandler
                0x00000000080012a8                EXTI4_IRQHandler
                0x00000000080012a8                RNG_IRQHandler
                0x00000000080012a8                OTG_HS_EP1_OUT_IRQHandler
                0x00000000080012a8                WWDG_IRQHandler
                0x00000000080012a8                TIM2_IRQHandler
                0x00000000080012a8                OTG_FS_WKUP_IRQHandler
                0x00000000080012a8                TIM1_TRG_COM_TIM11_IRQHandler
                0x00000000080012a8                OTG_HS_IRQHandler
                0x00000000080012a8                EXTI1_IRQHandler
                0x00000000080012a8                SDMMC2_IRQHandler
                0x00000000080012a8                UART7_IRQHandler
                0x00000000080012a8                USART2_IRQHandler
                0x00000000080012a8                I2C2_ER_IRQHandler
                0x00000000080012a8                DMA2_Stream1_IRQHandler
                0x00000000080012a8                CAN1_SCE_IRQHandler
                0x00000000080012a8                FLASH_IRQHandler
                0x00000000080012a8                DMA2_Stream4_IRQHandler
                0x00000000080012a8                USART1_IRQHandler
                0x00000000080012a8                OTG_FS_IRQHandler
                0x00000000080012a8                SPI3_IRQHandler
                0x00000000080012a8                I2C1_ER_IRQHandler
                0x00000000080012a8                FMC_IRQHandler
                0x00000000080012a8                LPTIM1_IRQHandler
                0x00000000080012a8                DMA2_Stream6_IRQHandler
                0x00000000080012a8                RTC_Alarm_IRQHandler
 *fill*         0x00000000080012aa        0x2 
 .text.HAL_IncTick
                0x00000000080012ac       0x28 ./Drivers/STM32F7xx_HAL_Driver/Src/stm32f7xx_hal.o
                0x00000000080012ac                HAL_IncTick
 .text.__libc_init_array
                0x00000000080012d4       0x48 /Applications/STM32CubeIDE.app/Contents/Eclipse/plugins/com.st.stm32cube.ide.mcu.externaltools.gnu-tools-for-stm32.9-2020-q2-update.macos64_2.0.0.202105311346/tools/bin/../lib/gcc/arm-none-eabi/9.3.1/../../../../arm-none-eabi/lib/thumb/v7e-m+fp/hard/libc_nano.a(lib_a-init.o)
                0x00000000080012d4                __libc_init_array
 *(.glue_7)
 .glue_7        0x000000000800131c        0x0 linker stubs
 *(.glue_7t)
 .glue_7t       0x000000000800131c        0x0 linker stubs
 *(.eh_frame)
 .eh_frame      0x000000000800131c        0x0 /Applications/STM32CubeIDE.app/Contents/Eclipse/plugins/com.st.stm32cube.ide.mcu.externaltools.gnu-tools-for-stm32.9-2020-q2-update.macos64_2.0.0.202105311346/tools/bin/../lib/gcc/arm-none-eabi/9.3.1/thumb/v7e-m+fp/hard/crtbegin.o
 *(.init)
 .init          0x000000000800131c        0x4 /Applications/STM32CubeIDE.app/Contents/Eclipse/plugins/com.st.stm32cube.ide.mcu.externaltools.gnu-tools-for-stm32.9-2020-q2-update.macos64_2.0.0.202105311346/tools/bin/../lib/gcc/arm-none-eabi/9.3.1/thumb/v7e-m+fp/hard/crti.o
                0x000000000800131c                _init
 .init          0x0000000008001320        0x8 /Applications/STM32CubeIDE.app/Contents/Eclipse/plugins/com.st.stm32cube.ide.mcu.externaltools.gnu-tools-for-stm32.9-2020-q2-update.macos64_2.0.0.202105311346/tools/bin/../lib/gcc/arm-none-eabi/9.3.1/thumb/v7e-m+fp/hard/crtn.o
 *(.fini)
 .fini          0x0000000008001328        0x4 /Applications/STM32CubeIDE.app/Contents/Eclipse/plugins/com.st.stm32cube.ide.mcu.externaltools.gnu-tools-for-stm32.9-2020-q2-update.macos64_2.0.0.202105311346/tools/bin/../lib/gcc/arm-none-eabi/9.3.1/thumb/v7e-m+fp/hard/crti.o
                0x0000000008001328                _fini
 .fini          0x000000000800132c        0x8 /Applications/STM32CubeIDE.app/Contents/Eclipse/plugins/com.st.stm32cube.ide.mcu.externaltools.gnu-tools-for-stm32.9-2020-q2-update.macos64_2.0.0.202105311346/tools/bin/../lib/gcc/arm-none-eabi/9.3.1/thumb/v7e-m+fp/hard/crtn.o
                0x0000000008001334                . = ALIGN (0x4)
                0x0000000008001334                _etext = .

.vfp11_veneer   0x0000000008001334        0x0
 .vfp11_veneer  0x0000000008001334        0x0 linker stubs

.v4_bx          0x0000000008001334        0x0
 .v4_bx         0x0000000008001334        0x0 linker stubs

.iplt           0x0000000008001334        0x0
 .iplt          0x0000000008001334        0x0 /Applications/STM32CubeIDE.app/Contents/Eclipse/plugins/com.st.stm32cube.ide.mcu.externaltools.gnu-tools-for-stm32.9-2020-q2-update.macos64_2.0.0.202105311346/tools/bin/../lib/gcc/arm-none-eabi/9.3.1/thumb/v7e-m+fp/hard/crtbegin.o

.rel.dyn        0x0000000008001334        0x0
 .rel.iplt      0x0000000008001334        0x0 /Applications/STM32CubeIDE.app/Contents/Eclipse/plugins/com.st.stm32cube.ide.mcu.externaltools.gnu-tools-for-stm32.9-2020-q2-update.macos64_2.0.0.202105311346/tools/bin/../lib/gcc/arm-none-eabi/9.3.1/thumb/v7e-m+fp/hard/crtbegin.o

.rodata         0x0000000008001334        0x0
                0x0000000008001334                . = ALIGN (0x4)
 *(.rodata)
 *(.rodata*)
                0x0000000008001334                . = ALIGN (0x4)

.ARM.extab      0x0000000008001334        0x0
                0x0000000008001334                . = ALIGN (0x4)
 *(.ARM.extab* .gnu.linkonce.armextab.*)
                0x0000000008001334                . = ALIGN (0x4)

.ARM            0x0000000008001334        0x0
                0x0000000008001334                . = ALIGN (0x4)
                0x0000000008001334                __exidx_start = .
 *(.ARM.exidx*)
                0x0000000008001334                __exidx_end = .
                0x0000000008001334                . = ALIGN (0x4)

.preinit_array  0x0000000008001334        0x0
                0x0000000008001334                . = ALIGN (0x4)
                0x0000000008001334                PROVIDE (__preinit_array_start = .)
 *(.preinit_array*)
                0x0000000008001334                PROVIDE (__preinit_array_end = .)
                0x0000000008001334                . = ALIGN (0x4)

.init_array     0x0000000008001334        0x4
                0x0000000008001334                . = ALIGN (0x4)
                0x0000000008001334                PROVIDE (__init_array_start = .)
 *(SORT_BY_NAME(.init_array.*))
 *(.init_array*)
 .init_array    0x0000000008001334        0x4 /Applications/STM32CubeIDE.app/Contents/Eclipse/plugins/com.st.stm32cube.ide.mcu.externaltools.gnu-tools-for-stm32.9-2020-q2-update.macos64_2.0.0.202105311346/tools/bin/../lib/gcc/arm-none-eabi/9.3.1/thumb/v7e-m+fp/hard/crtbegin.o
                0x0000000008001338                PROVIDE (__init_array_end = .)
                0x0000000008001338                . = ALIGN (0x4)

.fini_array     0x0000000008001338        0x4
                0x0000000008001338                . = ALIGN (0x4)
                [!provide]                        PROVIDE (__fini_array_start = .)
 *(SORT_BY_NAME(.fini_array.*))
 *(.fini_array*)
 .fini_array    0x0000000008001338        0x4 /Applications/STM32CubeIDE.app/Contents/Eclipse/plugins/com.st.stm32cube.ide.mcu.externaltools.gnu-tools-for-stm32.9-2020-q2-update.macos64_2.0.0.202105311346/tools/bin/../lib/gcc/arm-none-eabi/9.3.1/thumb/v7e-m+fp/hard/crtbegin.o
                [!provide]                        PROVIDE (__fini_array_end = .)
                0x000000000800133c                . = ALIGN (0x4)
                0x000000000800133c                _sidata = LOADADDR (.data)

.data           0x0000000020000000        0xc load address 0x000000000800133c
                0x0000000020000000                . = ALIGN (0x4)
                0x0000000020000000                _sdata = .
 *(.data)
 *(.data*)
 .data.j        0x0000000020000000        0x4 ./Core/Src/main.o
                0x0000000020000000                j
 .data.SystemCoreClock
                0x0000000020000004        0x4 ./Core/Src/system_stm32f7xx.o
                0x0000000020000004                SystemCoreClock
 .data.uwTickFreq
                0x0000000020000008        0x1 ./Drivers/STM32F7xx_HAL_Driver/Src/stm32f7xx_hal.o
                0x0000000020000008                uwTickFreq
 *(.RamFunc)
 *(.RamFunc*)
                0x000000002000000c                . = ALIGN (0x4)
 *fill*         0x0000000020000009        0x3 
                0x000000002000000c                _edata = .

.igot.plt       0x000000002000000c        0x0 load address 0x0000000008001348
 .igot.plt      0x000000002000000c        0x0 /Applications/STM32CubeIDE.app/Contents/Eclipse/plugins/com.st.stm32cube.ide.mcu.externaltools.gnu-tools-for-stm32.9-2020-q2-update.macos64_2.0.0.202105311346/tools/bin/../lib/gcc/arm-none-eabi/9.3.1/thumb/v7e-m+fp/hard/crtbegin.o
                0x000000002000000c                . = ALIGN (0x4)

.bss            0x000000002000000c      0x14c load address 0x0000000008001348
                0x000000002000000c                _sbss = .
                0x000000002000000c                __bss_start__ = _sbss
 *(.bss)
 .bss           0x000000002000000c       0x1c /Applications/STM32CubeIDE.app/Contents/Eclipse/plugins/com.st.stm32cube.ide.mcu.externaltools.gnu-tools-for-stm32.9-2020-q2-update.macos64_2.0.0.202105311346/tools/bin/../lib/gcc/arm-none-eabi/9.3.1/thumb/v7e-m+fp/hard/crtbegin.o
 *(.bss*)
 .bss.motor1_dmabuffer
                0x0000000020000028       0x48 ./Core/Src/dshot.o
 .bss.motor2_dmabuffer
                0x0000000020000070       0x48 ./Core/Src/dshot.o
 .bss.motor3_dmabuffer
                0x00000000200000b8       0x48 ./Core/Src/dshot.o
 .bss.motor4_dmabuffer
                0x0000000020000100       0x48 ./Core/Src/dshot.o
 .bss.usTicks   0x0000000020000148        0x4 ./Core/Src/dwt.o
 .bss.motor_value
                0x000000002000014c        0x8 ./Core/Src/main.o
                0x000000002000014c                motor_value
 *(COMMON)
 COMMON         0x0000000020000154        0x4 ./Drivers/STM32F7xx_HAL_Driver/Src/stm32f7xx_hal.o
                0x0000000020000154                uwTick
                0x0000000020000158                . = ALIGN (0x4)
                0x0000000020000158                _ebss = .
                0x0000000020000158                __bss_end__ = _ebss

._user_heap_stack
                0x0000000020000158      0x600 load address 0x0000000008001348
                0x0000000020000158                . = ALIGN (0x8)
                [!provide]                        PROVIDE (end = .)
                0x0000000020000158                PROVIDE (_end = .)
                0x0000000020000358                . = (. + _Min_Heap_Size)
 *fill*         0x0000000020000158      0x200 
                0x0000000020000758                . = (. + _Min_Stack_Size)
 *fill*         0x0000000020000358      0x400 
                0x0000000020000758                . = ALIGN (0x8)

/DISCARD/
 libc.a(*)
 libm.a(*)
 libgcc.a(*)

.ARM.attributes
                0x0000000000000000       0x30
 *(.ARM.attributes)
 .ARM.attributes
                0x0000000000000000       0x1e /Applications/STM32CubeIDE.app/Contents/Eclipse/plugins/com.st.stm32cube.ide.mcu.externaltools.gnu-tools-for-stm32.9-2020-q2-update.macos64_2.0.0.202105311346/tools/bin/../lib/gcc/arm-none-eabi/9.3.1/thumb/v7e-m+fp/hard/crti.o
 .ARM.attributes
                0x000000000000001e       0x34 /Applications/STM32CubeIDE.app/Contents/Eclipse/plugins/com.st.stm32cube.ide.mcu.externaltools.gnu-tools-for-stm32.9-2020-q2-update.macos64_2.0.0.202105311346/tools/bin/../lib/gcc/arm-none-eabi/9.3.1/thumb/v7e-m+fp/hard/crtbegin.o
 .ARM.attributes
                0x0000000000000052       0x34 ./Core/Src/dshot.o
 .ARM.attributes
                0x0000000000000086       0x34 ./Core/Src/dwt.o
 .ARM.attributes
                0x00000000000000ba       0x34 ./Core/Src/main.o
 .ARM.attributes
                0x00000000000000ee       0x34 ./Core/Src/rcc.o
 .ARM.attributes
                0x0000000000000122       0x34 ./Core/Src/stm32f7xx_it.o
 .ARM.attributes
                0x0000000000000156       0x34 ./Core/Src/system_stm32f7xx.o
 .ARM.attributes
                0x000000000000018a       0x21 ./Core/Startup/startup_stm32f722retx.o
 .ARM.attributes
                0x00000000000001ab       0x34 ./Drivers/STM32F7xx_HAL_Driver/Src/stm32f7xx_hal.o
 .ARM.attributes
                0x00000000000001df       0x34 /Applications/STM32CubeIDE.app/Contents/Eclipse/plugins/com.st.stm32cube.ide.mcu.externaltools.gnu-tools-for-stm32.9-2020-q2-update.macos64_2.0.0.202105311346/tools/bin/../lib/gcc/arm-none-eabi/9.3.1/../../../../arm-none-eabi/lib/thumb/v7e-m+fp/hard/libc_nano.a(lib_a-init.o)
 .ARM.attributes
                0x0000000000000213       0x1e /Applications/STM32CubeIDE.app/Contents/Eclipse/plugins/com.st.stm32cube.ide.mcu.externaltools.gnu-tools-for-stm32.9-2020-q2-update.macos64_2.0.0.202105311346/tools/bin/../lib/gcc/arm-none-eabi/9.3.1/thumb/v7e-m+fp/hard/crtn.o
OUTPUT(DShot.elf elf32-littlearm)
LOAD linker stubs
LOAD /Applications/STM32CubeIDE.app/Contents/Eclipse/plugins/com.st.stm32cube.ide.mcu.externaltools.gnu-tools-for-stm32.9-2020-q2-update.macos64_2.0.0.202105311346/tools/bin/../lib/gcc/arm-none-eabi/9.3.1/../../../../arm-none-eabi/lib/thumb/v7e-m+fp/hard/libc.a
LOAD /Applications/STM32CubeIDE.app/Contents/Eclipse/plugins/com.st.stm32cube.ide.mcu.externaltools.gnu-tools-for-stm32.9-2020-q2-update.macos64_2.0.0.202105311346/tools/bin/../lib/gcc/arm-none-eabi/9.3.1/../../../../arm-none-eabi/lib/thumb/v7e-m+fp/hard/libm.a
LOAD /Applications/STM32CubeIDE.app/Contents/Eclipse/plugins/com.st.stm32cube.ide.mcu.externaltools.gnu-tools-for-stm32.9-2020-q2-update.macos64_2.0.0.202105311346/tools/bin/../lib/gcc/arm-none-eabi/9.3.1/thumb/v7e-m+fp/hard/libgcc.a

.debug_info     0x0000000000000000     0x5fcd
 .debug_info    0x0000000000000000     0x19e2 ./Core/Src/dshot.o
 .debug_info    0x00000000000019e2      0xd6d ./Core/Src/dwt.o
 .debug_info    0x000000000000274f      0xb69 ./Core/Src/main.o
 .debug_info    0x00000000000032b8      0xd8f ./Core/Src/rcc.o
 .debug_info    0x0000000000004047      0xdbd ./Core/Src/stm32f7xx_it.o
 .debug_info    0x0000000000004e04      0x7ad ./Core/Src/system_stm32f7xx.o
 .debug_info    0x00000000000055b1       0x22 ./Core/Startup/startup_stm32f722retx.o
 .debug_info    0x00000000000055d3      0x9fa ./Drivers/STM32F7xx_HAL_Driver/Src/stm32f7xx_hal.o

.debug_abbrev   0x0000000000000000      0xf0f
 .debug_abbrev  0x0000000000000000      0x31f ./Core/Src/dshot.o
 .debug_abbrev  0x000000000000031f      0x273 ./Core/Src/dwt.o
 .debug_abbrev  0x0000000000000592      0x22d ./Core/Src/main.o
 .debug_abbrev  0x00000000000007bf      0x1e9 ./Core/Src/rcc.o
 .debug_abbrev  0x00000000000009a8      0x203 ./Core/Src/stm32f7xx_it.o
 .debug_abbrev  0x0000000000000bab      0x165 ./Core/Src/system_stm32f7xx.o
 .debug_abbrev  0x0000000000000d10       0x12 ./Core/Startup/startup_stm32f722retx.o
 .debug_abbrev  0x0000000000000d22      0x1ed ./Drivers/STM32F7xx_HAL_Driver/Src/stm32f7xx_hal.o

.debug_aranges  0x0000000000000000      0x2b8
 .debug_aranges
                0x0000000000000000       0x78 ./Core/Src/dshot.o
 .debug_aranges
                0x0000000000000078       0x30 ./Core/Src/dwt.o
 .debug_aranges
                0x00000000000000a8       0x20 ./Core/Src/main.o
 .debug_aranges
                0x00000000000000c8       0x20 ./Core/Src/rcc.o
 .debug_aranges
                0x00000000000000e8       0x80 ./Core/Src/stm32f7xx_it.o
 .debug_aranges
                0x0000000000000168       0x28 ./Core/Src/system_stm32f7xx.o
 .debug_aranges
                0x0000000000000190       0x28 ./Core/Startup/startup_stm32f722retx.o
 .debug_aranges
                0x00000000000001b8      0x100 ./Drivers/STM32F7xx_HAL_Driver/Src/stm32f7xx_hal.o

.debug_ranges   0x0000000000000000      0x258
 .debug_ranges  0x0000000000000000       0x68 ./Core/Src/dshot.o
 .debug_ranges  0x0000000000000068       0x38 ./Core/Src/dwt.o
 .debug_ranges  0x00000000000000a0       0x10 ./Core/Src/main.o
 .debug_ranges  0x00000000000000b0       0x10 ./Core/Src/rcc.o
 .debug_ranges  0x00000000000000c0       0x70 ./Core/Src/stm32f7xx_it.o
 .debug_ranges  0x0000000000000130       0x18 ./Core/Src/system_stm32f7xx.o
 .debug_ranges  0x0000000000000148       0x20 ./Core/Startup/startup_stm32f722retx.o
 .debug_ranges  0x0000000000000168       0xf0 ./Drivers/STM32F7xx_HAL_Driver/Src/stm32f7xx_hal.o

.debug_macro    0x0000000000000000    0x216f3
 .debug_macro   0x0000000000000000      0x3f2 ./Core/Src/dshot.o
 .debug_macro   0x00000000000003f2      0xaa8 ./Core/Src/dshot.o
 .debug_macro   0x0000000000000e9a       0x22 ./Core/Src/dshot.o
 .debug_macro   0x0000000000000ebc       0x18 ./Core/Src/dshot.o
 .debug_macro   0x0000000000000ed4       0x22 ./Core/Src/dshot.o
 .debug_macro   0x0000000000000ef6       0x4c ./Core/Src/dshot.o
 .debug_macro   0x0000000000000f42       0x94 ./Core/Src/dshot.o
 .debug_macro   0x0000000000000fd6       0x3c ./Core/Src/dshot.o
 .debug_macro   0x0000000000001012       0x34 ./Core/Src/dshot.o
 .debug_macro   0x0000000000001046       0x16 ./Core/Src/dshot.o
 .debug_macro   0x000000000000105c      0x10e ./Core/Src/dshot.o
 .debug_macro   0x000000000000116a       0x8d ./Core/Src/dshot.o
 .debug_macro   0x00000000000011f7       0x16 ./Core/Src/dshot.o
 .debug_macro   0x000000000000120d       0x43 ./Core/Src/dshot.o
 .debug_macro   0x0000000000001250       0x57 ./Core/Src/dshot.o
 .debug_macro   0x00000000000012a7       0x34 ./Core/Src/dshot.o
 .debug_macro   0x00000000000012db       0x10 ./Core/Src/dshot.o
 .debug_macro   0x00000000000012eb       0x58 ./Core/Src/dshot.o
 .debug_macro   0x0000000000001343       0x71 ./Core/Src/dshot.o
 .debug_macro   0x00000000000013b4       0x1c ./Core/Src/dshot.o
 .debug_macro   0x00000000000013d0      0x12a ./Core/Src/dshot.o
 .debug_macro   0x00000000000014fa      0x339 ./Core/Src/dshot.o
 .debug_macro   0x0000000000001833       0x16 ./Core/Src/dshot.o
 .debug_macro   0x0000000000001849       0x29 ./Core/Src/dshot.o
 .debug_macro   0x0000000000001872      0x103 ./Core/Src/dshot.o
 .debug_macro   0x0000000000001975       0x6a ./Core/Src/dshot.o
 .debug_macro   0x00000000000019df      0x1df ./Core/Src/dshot.o
 .debug_macro   0x0000000000001bbe      0x1a9 ./Core/Src/dshot.o
 .debug_macro   0x0000000000001d67      0x119 ./Core/Src/dshot.o
 .debug_macro   0x0000000000001e80       0x16 ./Core/Src/dshot.o
 .debug_macro   0x0000000000001e96       0x35 ./Core/Src/dshot.o
 .debug_macro   0x0000000000001ecb       0x20 ./Core/Src/dshot.o
 .debug_macro   0x0000000000001eeb       0x1c ./Core/Src/dshot.o
 .debug_macro   0x0000000000001f07       0x10 ./Core/Src/dshot.o
 .debug_macro   0x0000000000001f17       0x10 ./Core/Src/dshot.o
 .debug_macro   0x0000000000001f27       0x1c ./Core/Src/dshot.o
 .debug_macro   0x0000000000001f43       0x52 ./Core/Src/dshot.o
 .debug_macro   0x0000000000001f95       0x22 ./Core/Src/dshot.o
 .debug_macro   0x0000000000001fb7       0x10 ./Core/Src/dshot.o
 .debug_macro   0x0000000000001fc7       0x40 ./Core/Src/dshot.o
 .debug_macro   0x0000000000002007       0xd5 ./Core/Src/dshot.o
 .debug_macro   0x00000000000020dc       0x1c ./Core/Src/dshot.o
 .debug_macro   0x00000000000020f8       0x3d ./Core/Src/dshot.o
 .debug_macro   0x0000000000002135       0x16 ./Core/Src/dshot.o
 .debug_macro   0x000000000000214b      0x145 ./Core/Src/dshot.o
 .debug_macro   0x0000000000002290       0x4c ./Core/Src/dshot.o
 .debug_macro   0x00000000000022dc       0x10 ./Core/Src/dshot.o
 .debug_macro   0x00000000000022ec      0x241 ./Core/Src/dshot.o
 .debug_macro   0x000000000000252d       0x2e ./Core/Src/dshot.o
 .debug_macro   0x000000000000255b       0x3b ./Core/Src/dshot.o
 .debug_macro   0x0000000000002596       0x1c ./Core/Src/dshot.o
 .debug_macro   0x00000000000025b2       0x22 ./Core/Src/dshot.o
 .debug_macro   0x00000000000025d4       0xd9 ./Core/Src/dshot.o
 .debug_macro   0x00000000000026ad     0x12cd ./Core/Src/dshot.o
 .debug_macro   0x000000000000397a      0x11f ./Core/Src/dshot.o
 .debug_macro   0x0000000000003a99       0x19 ./Core/Src/dshot.o
 .debug_macro   0x0000000000003ab2    0x15c67 ./Core/Src/dshot.o
 .debug_macro   0x0000000000019719       0x6d ./Core/Src/dshot.o
 .debug_macro   0x0000000000019786      0x287 ./Core/Src/dshot.o
 .debug_macro   0x0000000000019a0d     0x3714 ./Core/Src/dshot.o
 .debug_macro   0x000000000001d121       0x5d ./Core/Src/dshot.o
 .debug_macro   0x000000000001d17e     0x1588 ./Core/Src/dshot.o
 .debug_macro   0x000000000001e706      0x6c4 ./Core/Src/dshot.o
 .debug_macro   0x000000000001edca      0x17e ./Core/Src/dshot.o
 .debug_macro   0x000000000001ef48      0x115 ./Core/Src/dshot.o
 .debug_macro   0x000000000001f05d      0x1d8 ./Core/Src/dshot.o
 .debug_macro   0x000000000001f235       0xa5 ./Core/Src/dshot.o
 .debug_macro   0x000000000001f2da      0x24f ./Core/Src/dshot.o
 .debug_macro   0x000000000001f529       0x71 ./Core/Src/dshot.o
 .debug_macro   0x000000000001f59a       0x58 ./Core/Src/dshot.o
 .debug_macro   0x000000000001f5f2      0x236 ./Core/Src/dshot.o
 .debug_macro   0x000000000001f828      0x154 ./Core/Src/dshot.o
 .debug_macro   0x000000000001f97c      0x2c3 ./Core/Src/dshot.o
 .debug_macro   0x000000000001fc3f       0x12 ./Core/Src/dshot.o
 .debug_macro   0x000000000001fc51      0x22c ./Core/Src/dshot.o
 .debug_macro   0x000000000001fe7d       0x61 ./Core/Src/dshot.o
 .debug_macro   0x000000000001fede       0xa5 ./Core/Src/dshot.o
 .debug_macro   0x000000000001ff83      0x12e ./Core/Src/dshot.o
 .debug_macro   0x00000000000200b1      0x108 ./Core/Src/dshot.o
 .debug_macro   0x00000000000201b9       0x35 ./Core/Src/dshot.o
 .debug_macro   0x00000000000201ee      0x14d ./Core/Src/dshot.o
 .debug_macro   0x000000000002033b       0x58 ./Core/Src/dshot.o
 .debug_macro   0x0000000000020393      0x3f2 ./Core/Src/dwt.o
 .debug_macro   0x0000000000020785      0x3f2 ./Core/Src/main.o
 .debug_macro   0x0000000000020b77      0x3f2 ./Core/Src/rcc.o
 .debug_macro   0x0000000000020f69      0x3f2 ./Core/Src/stm32f7xx_it.o
 .debug_macro   0x000000000002135b      0x1ba ./Core/Src/system_stm32f7xx.o
 .debug_macro   0x0000000000021515      0x1de ./Drivers/STM32F7xx_HAL_Driver/Src/stm32f7xx_hal.o

.debug_line     0x0000000000000000     0x48bd
 .debug_line    0x0000000000000000      0xe1c ./Core/Src/dshot.o
 .debug_line    0x0000000000000e1c      0x9cd ./Core/Src/dwt.o
 .debug_line    0x00000000000017e9      0x9cc ./Core/Src/main.o
 .debug_line    0x00000000000021b5      0xa46 ./Core/Src/rcc.o
 .debug_line    0x0000000000002bfb      0xb2f ./Core/Src/stm32f7xx_it.o
 .debug_line    0x000000000000372a      0x73d ./Core/Src/system_stm32f7xx.o
 .debug_line    0x0000000000003e67       0x88 ./Core/Startup/startup_stm32f722retx.o
 .debug_line    0x0000000000003eef      0x9ce ./Drivers/STM32F7xx_HAL_Driver/Src/stm32f7xx_hal.o

.debug_str      0x0000000000000000    0xcd455
 .debug_str     0x0000000000000000    0xccd57 ./Core/Src/dshot.o
                                      0xcd5ef (size before relaxing)
 .debug_str     0x00000000000ccd57      0x10e ./Core/Src/dwt.o
                                      0xccca2 (size before relaxing)
 .debug_str     0x00000000000cce65       0x18 ./Core/Src/main.o
                                      0xccbae (size before relaxing)
 .debug_str     0x00000000000cce7d       0x62 ./Core/Src/rcc.o
                                      0xcccd5 (size before relaxing)
 .debug_str     0x00000000000ccedf      0x10b ./Core/Src/stm32f7xx_it.o
                                      0xcccf9 (size before relaxing)
 .debug_str     0x00000000000ccfea       0x70 ./Core/Src/system_stm32f7xx.o
                                      0xc73d1 (size before relaxing)
 .debug_str     0x00000000000cd05a       0x36 ./Core/Startup/startup_stm32f722retx.o
                                         0x6c (size before relaxing)
 .debug_str     0x00000000000cd090      0x3c5 ./Drivers/STM32F7xx_HAL_Driver/Src/stm32f7xx_hal.o
                                      0xc7c06 (size before relaxing)

.comment        0x0000000000000000       0x53
 .comment       0x0000000000000000       0x53 ./Core/Src/dshot.o
                                         0x54 (size before relaxing)
 .comment       0x0000000000000053       0x54 ./Core/Src/dwt.o
 .comment       0x0000000000000053       0x54 ./Core/Src/main.o
 .comment       0x0000000000000053       0x54 ./Core/Src/rcc.o
 .comment       0x0000000000000053       0x54 ./Core/Src/stm32f7xx_it.o
 .comment       0x0000000000000053       0x54 ./Core/Src/system_stm32f7xx.o
 .comment       0x0000000000000053       0x54 ./Drivers/STM32F7xx_HAL_Driver/Src/stm32f7xx_hal.o

.debug_frame    0x0000000000000000      0x864
 .debug_frame   0x0000000000000000      0x1cc ./Core/Src/dshot.o
 .debug_frame   0x00000000000001cc       0x7c ./Core/Src/dwt.o
 .debug_frame   0x0000000000000248       0x30 ./Core/Src/main.o
 .debug_frame   0x0000000000000278       0x30 ./Core/Src/rcc.o
 .debug_frame   0x00000000000002a8      0x184 ./Core/Src/stm32f7xx_it.o
 .debug_frame   0x000000000000042c       0x58 ./Core/Src/system_stm32f7xx.o
 .debug_frame   0x0000000000000484      0x3b4 ./Drivers/STM32F7xx_HAL_Driver/Src/stm32f7xx_hal.o
 .debug_frame   0x0000000000000838       0x2c /Applications/STM32CubeIDE.app/Contents/Eclipse/plugins/com.st.stm32cube.ide.mcu.externaltools.gnu-tools-for-stm32.9-2020-q2-update.macos64_2.0.0.202105311346/tools/bin/../lib/gcc/arm-none-eabi/9.3.1/../../../../arm-none-eabi/lib/thumb/v7e-m+fp/hard/libc_nano.a(lib_a-init.o)
